########### How to commit on Github using Git 


>$ git init
	Initialized empty Git repository in D:/More/WeatherApp-main/.git/

>$ git status
	On branch master

	No commits yet

	Untracked files:
  		(use "git add <file>..." to include in what will be committed)
        	index.html
        	main.js
        	style.css

	nothing added to commit but untracked files present (use "git add" to track)

>$ git add .

>$ git status
	On branch master

	No commits yet

	Changes to be committed:
  		(use "git rm --cached <file>..." to unstage)
        	new file:   index.html
        	new file:   main.js
        	new file:   style.css


>$ git commit -m "first commit"
	Author identity unknown

	*** Please tell me who you are.

	Run

	git config --global user.email "you@example.com"
  	git config --global user.name "Your Name"

	to set your account's default identity.
	Omit --global to set the identity only in this repository.

	fatal: unable to auto-detect email address (got 'krish@Krishal.(none)')

>$ git config --global user.email "your email address"

>$ git config --global user.name "Krishal-Modi"               # Your github name

>$ git commit -m "first commit"
	[master (root-commit) 69b4898] first commit
 	3 files changed, 256 insertions(+)
 	create mode 100644 index.html
 	create mode 100644 main.js
 	create mode 100644 style.css

>$ git branch -M main

>$ git remote add origin https://github.com/Krishal-Modi/WeatherApp.git

>$ git push -u origin main
	



If the above command does not work then use 


>$ git pull origin main
	From https://github.com/Krishal-Modi/WeatherApp
	 * branch            main       -> FETCH_HEAD
	fatal: refusing to merge unrelated histories


>$ git commit
	On branch main
	nothing to commit, working tree clean

>$ git push -f origin main
	Enumerating objects: 5, done.
	Counting objects: 100% (5/5), done.
	Delta compression using up to 4 threads
	Compressing objects: 100% (5/5), done.
	Writing objects: 100% (5/5), 2.46 KiB | 2.46 MiB/s, done.
	Total 5 (delta 0), reused 0 (delta 0), pack-reused 0 (from 0)
	To https://github.com/Krishal-Modi/WeatherApp.git
	 + 4cb315f...69b4898 main -> main (forced update)

